export const snapshot = {};

snapshot[`snapshot 1`] = `
'IR = s(decl,active,past,pred(see,agent(butterfly,a,_A),obj(flower,a,_B))), Res = "나비가 꽃을 보았다".
IR = s(decl,active,past,pred(see,agent(butterfly,a,_A),obj(flower,a,_B))), Res = "꽃을 나비가 보았다".
IR = s(decl,active,past,pred(see,agent(butterfly,a,_A),obj(flower,a,_B))), Res = "A butterfly saw a flower".
false'
`;

snapshot[`snapshot 2`] = `"false"`;
