export const snapshot = {};

snapshot[`snapshot 1`] = `
'IR = s(decl,active,past,pred(see,agent(butterfly,a,none),obj(flower,a,none))), Res = "나비가 꽃을 보았다".
IR = s(decl,active,past,pred(see,agent(butterfly,a,none),obj(flower,a,none))), Res = "꽃을 나비가 보았다".
IR = s(decl,active,past,pred(see,agent(butterfly,a,none),obj(flower,a,none))), Res = "A butterfly saw a flower".
false'
`;

snapshot[`snapshot 2`] = `
'IR = s(decl,active,past,pred(see,agent(butterfly,_A,red),obj(flower,_B,beautiful))), Res = "빨간 나비가 아름다운 꽃을 보았다".
IR = s(decl,active,past,pred(see,agent(butterfly,_A,red),obj(flower,_B,beautiful))), Res = "아름다운 꽃을 빨간 나비가 보았다".
IR = s(decl,active,past,pred(see,agent(butterfly,a,red),obj(flower,a,beautiful))), Res = "A red butterfly saw a beautiful flower".
false'
`;

snapshot[`snapshot 3`] = `
'Full = "빨간 나비가 아름다운 나비를 보았다", Rest = "아름다운 나비를 보았다".
Full = "빨간 나비가 아름다운 꽃을 보았다", Rest = "아름다운 꽃을 보았다".
Full = "빨간 나비가 빨간 나비를 보았다", Rest = "빨간 나비를 보았다".
Full = "빨간 나비가 빨간 꽃을 보았다", Rest = "빨간 꽃을 보았다".
Full = "빨간 나비가 나비를 보았다", Rest = "나비를 보았다".
Full = "빨간 나비가 꽃을 보았다", Rest = "꽃을 보았다".
false'
`;
